---
source: crates/parser/tests/eval_parser_test.rs
description: "!true;"
---
ExpressionStatement(Unary { operator: Token { token_type: Bang, span: Span { start: 0, end: 0 }, origin: "!", line: 1 }, right: Literal(Bool(true)) })
