---
source: crates/parser/tests/eval_parser_test.rs
description: (72 +);
---
[line 1] Error at ')': Expect expression.
