---
source: crates/parser/tests/eval_parser_test.rs
description: "!false;"
---
ExpressionStatement(Unary { operator: Token { token_type: Bang, origin: "!", line: 1 }, right: Literal(Bool(false)) })
