---
source: tests/eval_test.rs
description: "!nil"
---
true
