---
source: tests/eval_test.rs
description: "10.4"
---
10.4
