---
source: tests/eval_test.rs
description: true / 2
---
[
    "Operand must be a number",
]
