---
source: tests/eval_test.rs
description: 57 > -65
---
true
