---
source: tests/eval_test.rs
description: "61 == \"61\""
---
false
