---
source: tests/eval_test.rs
description: (10.5)
---
10.5
