---
source: tests/eval_test.rs
description: "(\"hello world!\")"
---
hello world!
