---
source: tests/eval_test.rs
description: "\"foo\" == \"foo\""
---
true
