---
source: tests/eval_test.rs
description: "\"foo\" != \"bar\""
---
true
