---
source: tests/eval_test.rs
description: "10.0"
---
10
