---
source: tests/eval_test.rs
description: "-\"hello world!\""
---
[
    "Operand must be a number",
]
