---
source: tests/eval_test.rs
description: 18 * 3 / (3 * 6)
---
3
