---
source: tests/eval_parser_test.rs
description: ((true))
---
(group (group true))
