---
source: tests/eval_test.rs
description: (54 - 67) >= -(114 / 57 + 11)
---
true
