---
source: tests/eval_test.rs
description: "!10.40"
---
false
