---
source: tests/eval_parser_test.rs
description: 83 < 99 > 115
---
(> (< 83.0 99.0) 115.0)
