---
source: tests/eval_test.rs
description: 11 >= 11
---
true
