---
source: tests/eval_test.rs
description: "-73"
---
-73
