---
source: tests/lexer_test.rs
expression: out
---
EOF  null
