---
source: tests/parser_test.rs
description: "false"
---
false
