---
source: tests/parser_test.rs
description: nil
---
nil
