---
source: tests/parser_test.rs
description: (72 +)
---
[line 1] Error at ')': Expect expression.
