---
source: tests/run_test.rs
description: "-73"
---
-73
