---
source: tests/run_test.rs
description: 57 > -65
---
true
