---
source: tests/run_test.rs
description: "\"hello\" == \"world\""
---
false
