---
source: tests/run_test.rs
description: 42 / 5
---
8.4
