---
source: tests/run_test.rs
description: 42 - true
---
[
    "Operand must be a number",
]
