---
source: tests/run_test.rs
description: "-true"
---
[
    "Operand must be a number",
]
