---
source: tests/run_test.rs
description: 11 >= 11
---
true
