---
source: tests/run_test.rs
description: 23 + 28 - (-(61 - 99))
---
13
