---
source: tests/run_test.rs
description: "\"foo\" < false"
---
[
    "Operand must be a number",
]
