---
source: tests/run_test.rs
description: ((false))
---
false
