---
source: tests/run_test.rs
description: "\"foo\" * 42"
---
[
    "Operand must be a number",
]
